// Jest Snapshot v1, https://goo.gl/fbAQLP

exports[`renders correctly 1`] = `
<div
  className="calculator-display"
>
  <div
    className="result"
  >
    0
  </div>
  <div
    className="row1"
  >
    <button
      className="cal-btn"
      onClick={[Function]}
      type="button"
    >
      AC
    </button>
    <button
      className="cal-btn"
      onClick={[Function]}
      type="button"
    >
      +/-
    </button>
    <button
      className="cal-btn"
      onClick={[Function]}
      type="button"
    >
      %
    </button>
    <button
      className="orange-btn"
      onClick={[Function]}
      type="button"
    >
      รท
    </button>
  </div>
  <div
    className="row2"
  >
    <button
      className="cal-btn"
      onClick={[Function]}
      type="button"
    >
      7
    </button>
    <button
      className="cal-btn"
      onClick={[Function]}
      type="button"
    >
      8
    </button>
    <button
      className="cal-btn"
      onClick={[Function]}
      type="button"
    >
      9
    </button>
    <button
      className="orange-btn"
      onClick={[Function]}
      type="button"
    >
      x
    </button>
  </div>
  <div
    className="row3"
  >
    <button
      className="cal-btn"
      onClick={[Function]}
      type="button"
    >
      4
    </button>
    <button
      className="cal-btn"
      onClick={[Function]}
      type="button"
    >
      5
    </button>
    <button
      className="cal-btn"
      onClick={[Function]}
      type="button"
    >
      6
    </button>
    <button
      className="orange-btn"
      onClick={[Function]}
      type="button"
    >
      -
    </button>
  </div>
  <div
    className="row4"
  >
    <button
      className="cal-btn"
      onClick={[Function]}
      type="button"
    >
      1
    </button>
    <button
      className="cal-btn"
      onClick={[Function]}
      type="button"
    >
      2
    </button>
    <button
      className="cal-btn"
      onClick={[Function]}
      type="button"
    >
      3
    </button>
    <button
      className="orange-btn"
      onClick={[Function]}
      type="button"
    >
      +
    </button>
  </div>
  <div
    className="row5"
  >
    <button
      className="zero-btn"
      onClick={[Function]}
      type="button"
    >
      0
    </button>
    <button
      className="cal-btn"
      onClick={[Function]}
      type="button"
    >
      .
    </button>
    <button
      className="orange-btn"
      onClick={[Function]}
      type="button"
    >
      =
    </button>
  </div>
</div>
`;
